[
    {
        "id": 643,
        "name": "РОССИЯ",
        "fullName": "Российская Федерация",
        "code": "RU"
    },
    {
        "id": 804,
        "name": "УКРАИНА",
        "fullName": "",
        "code": "UA"
    },
    {
        "id": 112,
        "name": "БЕЛАРУСЬ",
        "fullName": "Республика Беларусь",
        "code": "BY"
    },
    {
        "id": 398,
        "name": "КАЗАХСТАН",
        "fullName": "Республика Казахстан",
        "code": "KZ"
    },
    {
        "id": 428,
        "name": "ЛАТВИЯ",
        "fullName": "Латвийская Республика",
        "code": "LV"
    },
    {
        "id": 440,
        "name": "ЛИТВА",
        "fullName": "Литовская Республика",
        "code": "LT"
    },
    {
        "id": 233,
        "name": "ЭСТОНИЯ",
        "fullName": "Эстонская Республика",
        "code": "EE"
    },
    {
        "id": 895,
        "name": "АБХАЗИЯ",
        "fullName": "Республика Абхазия",
        "code": "AB"
    },
    {
        "id": 36,
        "name": "АВСТРАЛИЯ",
        "fullName": "Австралийский союз",
        "code": "AU"
    },
    {
        "id": 40,
        "name": "АВСТРИЯ",
        "fullName": "Австрийская Республика",
        "code": "AT"
    },
    {
        "id": 31,
        "name": "АЗЕРБАЙДЖАН",
        "fullName": "Республика Азербайджан",
        "code": "AZ"
    },
    {
        "id": 8,
        "name": "АЛБАНИЯ",
        "fullName": "Республика Албания",
        "code": "AL"
    },
    {
        "id": 12,
        "name": "АЛЖИР",
        "fullName": "Алжирская Народная Демократическая Республика",
        "code": "DZ"
    },
    {
        "id": 16,
        "name": "АМЕРИКАНСКОЕ САМОА",
        "fullName": "",
        "code": "AS"
    },
    {
        "id": 660,
        "name": "АНГИЛЬЯ",
        "fullName": "",
        "code": "AI"
    },
    {
        "id": 24,
        "name": "АНГОЛА",
        "fullName": "Республика Ангола",
        "code": "AO"
    },
    {
        "id": 20,
        "name": "АНДОРРА",
        "fullName": "Княжество Андорра",
        "code": "AD"
    },
    {
        "id": 10,
        "name": "АНТАРКТИДА",
        "fullName": "",
        "code": "AQ"
    },
    {
        "id": 28,
        "name": "АНТИГУА И БАРБУДА",
        "fullName": "",
        "code": "AG"
    },
    {
        "id": 32,
        "name": "АРГЕНТИНА",
        "fullName": "Аргентинская Республика",
        "code": "AR"
    },
    {
        "id": 51,
        "name": "АРМЕНИЯ",
        "fullName": "Республика Армения",
        "code": "AM"
    },
    {
        "id": 533,
        "name": "АРУБА",
        "fullName": "",
        "code": "AW"
    },
    {
        "id": 4,
        "name": "АФГАНИСТАН",
        "fullName": "Переходное Исламское Государство Афганистан",
        "code": "AF"
    },
    {
        "id": 44,
        "name": "БАГАМЫ",
        "fullName": "Содружество Багамы",
        "code": "BS"
    },
    {
        "id": 50,
        "name": "БАНГЛАДЕШ",
        "fullName": "Народная Республика Бангладеш",
        "code": "BD"
    },
    {
        "id": 52,
        "name": "БАРБАДОС",
        "fullName": "",
        "code": "BB"
    },
    {
        "id": 48,
        "name": "БАХРЕЙН",
        "fullName": "Королевство Бахрейн",
        "code": "BH"
    },
    {
        "id": 84,
        "name": "БЕЛИЗ",
        "fullName": "",
        "code": "BZ"
    },
    {
        "id": 56,
        "name": "БЕЛЬГИЯ",
        "fullName": "Королевство Бельгии",
        "code": "BE"
    },
    {
        "id": 204,
        "name": "БЕНИН",
        "fullName": "Республика Бенин",
        "code": "BJ"
    },
    {
        "id": 60,
        "name": "БЕРМУДЫ",
        "fullName": "",
        "code": "BM"
    },
    {
        "id": 100,
        "name": "БОЛГАРИЯ",
        "fullName": "Республика Болгария",
        "code": "BG"
    },
    {
        "id": 68,
        "name": "БОЛИВИЯ, МНОГОНАЦИОНАЛЬНОЕ ГОСУДАРСТВО",
        "fullName": "Многонациональное Государство Боливия",
        "code": "BO"
    },
    {
        "id": 535,
        "name": "БОНЭЙР, СИНТ-ЭСТАТИУС И САБА",
        "fullName": "",
        "code": "BQ"
    },
    {
        "id": 70,
        "name": "БОСНИЯ И ГЕРЦЕГОВИНА",
        "fullName": "",
        "code": "BA"
    },
    {
        "id": 72,
        "name": "БОТСВАНА",
        "fullName": "Республика Ботсвана",
        "code": "BW"
    },
    {
        "id": 76,
        "name": "БРАЗИЛИЯ",
        "fullName": "Федеративная Республика Бразилия",
        "code": "BR"
    },
    {
        "id": 86,
        "name": "БРИТАНСКАЯ ТЕРРИТОРИЯ В ИНДИЙСКОМ ОКЕАНЕ",
        "fullName": "",
        "code": "IO"
    },
    {
        "id": 96,
        "name": "БРУНЕЙ-ДАРУССАЛАМ",
        "fullName": "",
        "code": "BN"
    },
    {
        "id": 854,
        "name": "БУРКИНА-ФАСО",
        "fullName": "",
        "code": "BF"
    },
    {
        "id": 108,
        "name": "БУРУНДИ",
        "fullName": "Республика Бурунди",
        "code": "BI"
    },
    {
        "id": 64,
        "name": "БУТАН",
        "fullName": "Королевство Бутан",
        "code": "BT"
    },
    {
        "id": 548,
        "name": "ВАНУАТУ",
        "fullName": "Республика Вануату",
        "code": "VU"
    },
    {
        "id": 348,
        "name": "ВЕНГРИЯ",
        "fullName": "Венгерская Республика",
        "code": "HU"
    },
    {
        "id": 862,
        "name": "ВЕНЕСУЭЛА БОЛИВАРИАНСКАЯ РЕСПУБЛИКА",
        "fullName": "Боливарианская Республика Венесуэла",
        "code": "VE"
    },
    {
        "id": 92,
        "name": "ВИРГИНСКИЕ ОСТРОВА, БРИТАНСКИЕ",
        "fullName": "Британские Виргинские острова",
        "code": "VG"
    },
    {
        "id": 850,
        "name": "ВИРГИНСКИЕ ОСТРОВА, США",
        "fullName": "Виргинские острова Соединенных Штатов",
        "code": "VI"
    },
    {
        "id": 0,
        "name": "Временно",
        "fullName": "Временно",
        "code": "00"
    },
    {
        "id": 704,
        "name": "ВЬЕТНАМ",
        "fullName": "Социалистическая Республика Вьетнам",
        "code": "VN"
    },
    {
        "id": 266,
        "name": "ГАБОН",
        "fullName": "Габонская Республика",
        "code": "GA"
    },
    {
        "id": 332,
        "name": "ГАИТИ",
        "fullName": "Республика Гаити",
        "code": "HT"
    },
    {
        "id": 328,
        "name": "ГАЙАНА",
        "fullName": "Республика Гайана",
        "code": "GY"
    },
    {
        "id": 270,
        "name": "ГАМБИЯ",
        "fullName": "Республика Гамбия",
        "code": "GM"
    },
    {
        "id": 288,
        "name": "ГАНА",
        "fullName": "Республика Гана",
        "code": "GH"
    },
    {
        "id": 312,
        "name": "ГВАДЕЛУПА",
        "fullName": "",
        "code": "GP"
    },
    {
        "id": 320,
        "name": "ГВАТЕМАЛА",
        "fullName": "Республика Гватемала",
        "code": "GT"
    },
    {
        "id": 324,
        "name": "ГВИНЕЯ",
        "fullName": "Гвинейская Республика",
        "code": "GN"
    },
    {
        "id": 624,
        "name": "ГВИНЕЯ-БИСАУ",
        "fullName": "Республика Гвинея-Бисау",
        "code": "GW"
    },
    {
        "id": 276,
        "name": "ГЕРМАНИЯ",
        "fullName": "Федеративная Республика Германия",
        "code": "DE"
    },
    {
        "id": 831,
        "name": "ГЕРНСИ",
        "fullName": "",
        "code": "GG"
    },
    {
        "id": 292,
        "name": "ГИБРАЛТАР",
        "fullName": "",
        "code": "GI"
    },
    {
        "id": 340,
        "name": "ГОНДУРАС",
        "fullName": "Республика Гондурас",
        "code": "HN"
    },
    {
        "id": 344,
        "name": "ГОНКОНГ",
        "fullName": "Специальный административный регион Китая Гонконг",
        "code": "HK"
    },
    {
        "id": 308,
        "name": "ГРЕНАДА",
        "fullName": "",
        "code": "GD"
    },
    {
        "id": 304,
        "name": "ГРЕНЛАНДИЯ",
        "fullName": "",
        "code": "GL"
    },
    {
        "id": 300,
        "name": "ГРЕЦИЯ",
        "fullName": "Греческая Республика",
        "code": "GR"
    },
    {
        "id": 268,
        "name": "ГРУЗИЯ",
        "fullName": "",
        "code": "GE"
    },
    {
        "id": 316,
        "name": "ГУАМ",
        "fullName": "",
        "code": "GU"
    },
    {
        "id": 208,
        "name": "ДАНИЯ",
        "fullName": "Королевство Дания",
        "code": "DK"
    },
    {
        "id": 832,
        "name": "ДЖЕРСИ",
        "fullName": "",
        "code": "JE"
    },
    {
        "id": 262,
        "name": "ДЖИБУТИ",
        "fullName": "Республика Джибути",
        "code": "DJ"
    },
    {
        "id": 212,
        "name": "ДОМИНИКА",
        "fullName": "Содружество Доминики",
        "code": "DM"
    },
    {
        "id": 214,
        "name": "ДОМИНИКАНСКАЯ РЕСПУБЛИКА",
        "fullName": "",
        "code": "DO"
    },
    {
        "id": 818,
        "name": "ЕГИПЕТ",
        "fullName": "Арабская Республика Египет",
        "code": "EG"
    },
    {
        "id": 894,
        "name": "ЗАМБИЯ",
        "fullName": "Республика Замбия",
        "code": "ZM"
    },
    {
        "id": 732,
        "name": "ЗАПАДНАЯ САХАРА",
        "fullName": "",
        "code": "EH"
    },
    {
        "id": 716,
        "name": "ЗИМБАБВЕ",
        "fullName": "Республика Зимбабве",
        "code": "ZW"
    },
    {
        "id": 376,
        "name": "ИЗРАИЛЬ",
        "fullName": "Государство Израиль",
        "code": "IL"
    },
    {
        "id": 356,
        "name": "ИНДИЯ",
        "fullName": "Республика Индия",
        "code": "IN"
    },
    {
        "id": 360,
        "name": "ИНДОНЕЗИЯ",
        "fullName": "Республика Индонезия",
        "code": "ID"
    },
    {
        "id": 400,
        "name": "ИОРДАНИЯ",
        "fullName": "Иорданское Хашимитское Королевство",
        "code": "JO"
    },
    {
        "id": 368,
        "name": "ИРАК",
        "fullName": "Республика Ирак",
        "code": "IQ"
    },
    {
        "id": 364,
        "name": "ИРАН, ИСЛАМСКАЯ РЕСПУБЛИКА",
        "fullName": "Исламская Республика Иран",
        "code": "IR"
    },
    {
        "id": 372,
        "name": "ИРЛАНДИЯ",
        "fullName": "",
        "code": "IE"
    },
    {
        "id": 352,
        "name": "ИСЛАНДИЯ",
        "fullName": "Республика Исландия",
        "code": "IS"
    },
    {
        "id": 724,
        "name": "ИСПАНИЯ",
        "fullName": "Королевство Испания",
        "code": "ES"
    },
    {
        "id": 380,
        "name": "ИТАЛИЯ",
        "fullName": "Итальянская Республика",
        "code": "IT"
    },
    {
        "id": 887,
        "name": "ЙЕМЕН",
        "fullName": "Йеменская Республика",
        "code": "YE"
    },
    {
        "id": 132,
        "name": "КАБО-ВЕРДЕ",
        "fullName": "Республика Кабо-Верде",
        "code": "CV"
    },
    {
        "id": 116,
        "name": "КАМБОДЖА",
        "fullName": "Королевство Камбоджа",
        "code": "KH"
    },
    {
        "id": 120,
        "name": "КАМЕРУН",
        "fullName": "Республика Камерун",
        "code": "CM"
    },
    {
        "id": 124,
        "name": "КАНАДА",
        "fullName": "",
        "code": "CA"
    },
    {
        "id": 634,
        "name": "КАТАР",
        "fullName": "Государство Катар",
        "code": "QA"
    },
    {
        "id": 404,
        "name": "КЕНИЯ",
        "fullName": "Республика Кения",
        "code": "KE"
    },
    {
        "id": 196,
        "name": "КИПР",
        "fullName": "Республика Кипр",
        "code": "CY"
    },
    {
        "id": 417,
        "name": "КИРГИЗИЯ",
        "fullName": "Киргизская Республика",
        "code": "KG"
    },
    {
        "id": 296,
        "name": "КИРИБАТИ",
        "fullName": "Республика Кирибати",
        "code": "KI"
    },
    {
        "id": 156,
        "name": "КИТАЙ",
        "fullName": "Китайская Народная Республика",
        "code": "CN"
    },
    {
        "id": 166,
        "name": "КОКОСОВЫЕ (КИЛИНГ) ОСТРОВА",
        "fullName": "",
        "code": "CC"
    },
    {
        "id": 170,
        "name": "КОЛУМБИЯ",
        "fullName": "Республика Колумбия",
        "code": "CO"
    },
    {
        "id": 174,
        "name": "КОМОРЫ",
        "fullName": "Союз Коморы",
        "code": "KM"
    },
    {
        "id": 178,
        "name": "КОНГО",
        "fullName": "Республика Конго",
        "code": "CG"
    },
    {
        "id": 180,
        "name": "КОНГО, ДЕМОКРАТИЧЕСКАЯ РЕСПУБЛИКА",
        "fullName": "Демократическая Республика Конго",
        "code": "CD"
    },
    {
        "id": 408,
        "name": "КОРЕЯ, НАРОДНО-ДЕМОКРАТИЧЕСКАЯ РЕСПУБЛИКА",
        "fullName": "Корейская Народно-Демократическая Республика",
        "code": "KP"
    },
    {
        "id": 410,
        "name": "КОРЕЯ, РЕСПУБЛИКА",
        "fullName": "Республика Корея",
        "code": "KR"
    },
    {
        "id": 188,
        "name": "КОСТА-РИКА",
        "fullName": "Республика Коста-Рика",
        "code": "CR"
    },
    {
        "id": 384,
        "name": "КОТ Д'ИВУАР",
        "fullName": "Республика Кот д'Ивуар",
        "code": "CI"
    },
    {
        "id": 192,
        "name": "КУБА",
        "fullName": "Республика Куба",
        "code": "CU"
    },
    {
        "id": 414,
        "name": "КУВЕЙТ",
        "fullName": "Государство Кувейт",
        "code": "KW"
    },
    {
        "id": 531,
        "name": "КЮРАСАО",
        "fullName": "",
        "code": "CW"
    },
    {
        "id": 418,
        "name": "ЛАОССКАЯ НАРОДНО-ДЕМОКРАТИЧЕСКАЯ РЕСПУБЛИКА",
        "fullName": "",
        "code": "LA"
    },
    {
        "id": 426,
        "name": "ЛЕСОТО",
        "fullName": "Королевство Лесото",
        "code": "LS"
    },
    {
        "id": 430,
        "name": "ЛИБЕРИЯ",
        "fullName": "Республика Либерия",
        "code": "LR"
    },
    {
        "id": 422,
        "name": "ЛИВАН",
        "fullName": "Ливанская Республика",
        "code": "LB"
    },
    {
        "id": 434,
        "name": "ЛИВИЙСКАЯ АРАБСКАЯ ДЖАМАХИРИЯ",
        "fullName": "Социалистическая Народная Ливийская Арабская Джамахирия",
        "code": "LY"
    },
    {
        "id": 438,
        "name": "ЛИХТЕНШТЕЙН",
        "fullName": "Княжество Лихтенштейн",
        "code": "LI"
    },
    {
        "id": 442,
        "name": "ЛЮКСЕМБУРГ",
        "fullName": "Великое Герцогство Люксембург",
        "code": "LU"
    },
    {
        "id": 480,
        "name": "МАВРИКИЙ",
        "fullName": "Республика Маврикий",
        "code": "MU"
    },
    {
        "id": 478,
        "name": "МАВРИТАНИЯ",
        "fullName": "Исламская Республика Мавритания",
        "code": "MR"
    },
    {
        "id": 450,
        "name": "МАДАГАСКАР",
        "fullName": "Республика Мадагаскар",
        "code": "MG"
    },
    {
        "id": 175,
        "name": "МАЙОТТА",
        "fullName": "",
        "code": "YT"
    },
    {
        "id": 446,
        "name": "МАКАО",
        "fullName": "Специальный административный регион Китая Макао",
        "code": "MO"
    },
    {
        "id": 454,
        "name": "МАЛАВИ",
        "fullName": "Республика Малави",
        "code": "MW"
    },
    {
        "id": 458,
        "name": "МАЛАЙЗИЯ",
        "fullName": "",
        "code": "MY"
    },
    {
        "id": 466,
        "name": "МАЛИ",
        "fullName": "Республика Мали",
        "code": "ML"
    },
    {
        "id": 581,
        "name": "МАЛЫЕ ТИХООКЕАНСКИЕ ОТДАЛЕННЫЕ ОСТРОВА СОЕДИНЕННЫХ ШТАТОВ",
        "fullName": "",
        "code": "UM"
    },
    {
        "id": 462,
        "name": "МАЛЬДИВЫ",
        "fullName": "Мальдивская Республика",
        "code": "MV"
    },
    {
        "id": 470,
        "name": "МАЛЬТА",
        "fullName": "Республика Мальта",
        "code": "MT"
    },
    {
        "id": 504,
        "name": "МАРОККО",
        "fullName": "Королевство Марокко",
        "code": "MA"
    },
    {
        "id": 474,
        "name": "МАРТИНИКА",
        "fullName": "",
        "code": "MQ"
    },
    {
        "id": 584,
        "name": "МАРШАЛЛОВЫ ОСТРОВА",
        "fullName": "Республика Маршалловы Острова",
        "code": "MH"
    },
    {
        "id": 484,
        "name": "МЕКСИКА",
        "fullName": "Мексиканские Соединенные Штаты",
        "code": "MX"
    },
    {
        "id": 583,
        "name": "МИКРОНЕЗИЯ, ФЕДЕРАТИВНЫЕ ШТАТЫ",
        "fullName": "Федеративные штаты Микронезии",
        "code": "FM"
    },
    {
        "id": 508,
        "name": "МОЗАМБИК",
        "fullName": "Республика Мозамбик",
        "code": "MZ"
    },
    {
        "id": 498,
        "name": "МОЛДОВА, РЕСПУБЛИКА",
        "fullName": "Республика Молдова",
        "code": "MD"
    },
    {
        "id": 492,
        "name": "МОНАКО",
        "fullName": "Княжество Монако",
        "code": "MC"
    },
    {
        "id": 496,
        "name": "МОНГОЛИЯ",
        "fullName": "",
        "code": "MN"
    },
    {
        "id": 500,
        "name": "МОНТСЕРРАТ",
        "fullName": "",
        "code": "MS"
    },
    {
        "id": 104,
        "name": "МЬЯНМА",
        "fullName": "Союз Мьянма",
        "code": "MM"
    },
    {
        "id": 516,
        "name": "НАМИБИЯ",
        "fullName": "Республика Намибия",
        "code": "NA"
    },
    {
        "id": 520,
        "name": "НАУРУ",
        "fullName": "Республика Науру",
        "code": "NR"
    },
    {
        "id": 524,
        "name": "НЕПАЛ",
        "fullName": "Федеративная Демократическая Республика Непал",
        "code": "NP"
    },
    {
        "id": 562,
        "name": "НИГЕР",
        "fullName": "Республика Нигер",
        "code": "NE"
    },
    {
        "id": 566,
        "name": "НИГЕРИЯ",
        "fullName": "Федеративная Республика Нигерия",
        "code": "NG"
    },
    {
        "id": 528,
        "name": "НИДЕРЛАНДЫ",
        "fullName": "Королевство Нидерландов",
        "code": "NL"
    },
    {
        "id": 558,
        "name": "НИКАРАГУА",
        "fullName": "Республика Никарагуа",
        "code": "NI"
    },
    {
        "id": 570,
        "name": "НИУЭ",
        "fullName": "Республика Ниуэ",
        "code": "NU"
    },
    {
        "id": 554,
        "name": "НОВАЯ ЗЕЛАНДИЯ",
        "fullName": "",
        "code": "NZ"
    },
    {
        "id": 540,
        "name": "НОВАЯ КАЛЕДОНИЯ",
        "fullName": "",
        "code": "NC"
    },
    {
        "id": 578,
        "name": "НОРВЕГИЯ",
        "fullName": "Королевство Норвегия",
        "code": "NO"
    },
    {
        "id": 784,
        "name": "ОБЪЕДИНЕННЫЕ АРАБСКИЕ ЭМИРАТЫ",
        "fullName": "",
        "code": "AE"
    },
    {
        "id": 512,
        "name": "ОМАН",
        "fullName": "Султанат Оман",
        "code": "OM"
    },
    {
        "id": 136,
        "name": "ОСТРОВА КАЙМАН",
        "fullName": "",
        "code": "KY"
    },
    {
        "id": 184,
        "name": "ОСТРОВА КУКА",
        "fullName": "",
        "code": "CK"
    },
    {
        "id": 796,
        "name": "ОСТРОВА ТЕРКС И КАЙКОС",
        "fullName": "",
        "code": "TC"
    },
    {
        "id": 74,
        "name": "ОСТРОВ БУВЕ",
        "fullName": "",
        "code": "BV"
    },
    {
        "id": 833,
        "name": "ОСТРОВ МЭН",
        "fullName": "",
        "code": "IM"
    },
    {
        "id": 574,
        "name": "ОСТРОВ НОРФОЛК",
        "fullName": "",
        "code": "NF"
    },
    {
        "id": 162,
        "name": "ОСТРОВ РОЖДЕСТВА",
        "fullName": "",
        "code": "CX"
    },
    {
        "id": 334,
        "name": "ОСТРОВ ХЕРД И ОСТРОВА МАКДОНАЛЬД",
        "fullName": "",
        "code": "HM"
    },
    {
        "id": 586,
        "name": "ПАКИСТАН",
        "fullName": "Исламская Республика Пакистан",
        "code": "PK"
    },
    {
        "id": 585,
        "name": "ПАЛАУ",
        "fullName": "Республика Палау",
        "code": "PW"
    },
    {
        "id": 275,
        "name": "ПАЛЕСТИНСКАЯ ТЕРРИТОРИЯ, ОККУПИРОВАННАЯ",
        "fullName": "Оккупированная Палестинская территория",
        "code": "PS"
    },
    {
        "id": 591,
        "name": "ПАНАМА",
        "fullName": "Республика Панама",
        "code": "PA"
    },
    {
        "id": 336,
        "name": "ПАПСКИЙ ПРЕСТОЛ (ГОСУДАРСТВО - ГОРОД ВАТИКАН)",
        "fullName": "",
        "code": "VA"
    },
    {
        "id": 598,
        "name": "ПАПУА-НОВАЯ ГВИНЕЯ",
        "fullName": "",
        "code": "PG"
    },
    {
        "id": 600,
        "name": "ПАРАГВАЙ",
        "fullName": "Республика Парагвай",
        "code": "PY"
    },
    {
        "id": 604,
        "name": "ПЕРУ",
        "fullName": "Республика Перу",
        "code": "PE"
    },
    {
        "id": 612,
        "name": "ПИТКЕРН",
        "fullName": "",
        "code": "PN"
    },
    {
        "id": 616,
        "name": "ПОЛЬША",
        "fullName": "Республика Польша",
        "code": "PL"
    },
    {
        "id": 620,
        "name": "ПОРТУГАЛИЯ",
        "fullName": "Португальская Республика",
        "code": "PT"
    },
    {
        "id": 630,
        "name": "ПУЭРТО-РИКО",
        "fullName": "",
        "code": "PR"
    },
    {
        "id": 807,
        "name": "РЕСПУБЛИКА МАКЕДОНИЯ",
        "fullName": "Республика Македония",
        "code": "MK"
    },
    {
        "id": 638,
        "name": "РЕЮНЬОН",
        "fullName": "",
        "code": "RE"
    },
    {
        "id": 646,
        "name": "РУАНДА",
        "fullName": "Руандийская Республика",
        "code": "RW"
    },
    {
        "id": 642,
        "name": "РУМЫНИЯ",
        "fullName": "",
        "code": "RO"
    },
    {
        "id": 882,
        "name": "САМОА",
        "fullName": "Независимое Государство Самоа",
        "code": "WS"
    },
    {
        "id": 674,
        "name": "САН-МАРИНО",
        "fullName": "Республика Сан-Марино",
        "code": "SM"
    },
    {
        "id": 678,
        "name": "САН-ТОМЕ И ПРИНСИПИ",
        "fullName": "Демократическая Республика Сан-Томе и Принсипи",
        "code": "ST"
    },
    {
        "id": 682,
        "name": "САУДОВСКАЯ АРАВИЯ",
        "fullName": "Королевство Саудовская Аравия",
        "code": "SA"
    },
    {
        "id": 748,
        "name": "СВАЗИЛЕНД",
        "fullName": "Королевство Свазиленд",
        "code": "SZ"
    },
    {
        "id": 654,
        "name": "СВЯТАЯ ЕЛЕНА, ОСТРОВ ВОЗНЕСЕНИЯ, ТРИСТАН-ДА-КУНЬЯ",
        "fullName": "",
        "code": "SH"
    },
    {
        "id": 580,
        "name": "СЕВЕРНЫЕ МАРИАНСКИЕ ОСТРОВА",
        "fullName": "Содружество Северных Марианских островов",
        "code": "MP"
    },
    {
        "id": 690,
        "name": "СЕЙШЕЛЫ",
        "fullName": "Республика Сейшелы",
        "code": "SC"
    },
    {
        "id": 652,
        "name": "СЕН-БАРТЕЛЕМИ",
        "fullName": "",
        "code": "BL"
    },
    {
        "id": 686,
        "name": "СЕНЕГАЛ",
        "fullName": "Республика Сенегал",
        "code": "SN"
    },
    {
        "id": 663,
        "name": "СЕН-МАРТЕН",
        "fullName": "",
        "code": "MF"
    },
    {
        "id": 534,
        "name": "СЕН-МАРТЕН (нидерландская часть)",
        "fullName": "",
        "code": "SX"
    },
    {
        "id": 666,
        "name": "СЕН-ПЬЕР И МИКЕЛОН",
        "fullName": "",
        "code": "PM"
    },
    {
        "id": 670,
        "name": "СЕНТ-ВИНСЕНТ И ГРЕНАДИНЫ",
        "fullName": "",
        "code": "VC"
    },
    {
        "id": 659,
        "name": "СЕНТ-КИТС И НЕВИС",
        "fullName": "",
        "code": "KN"
    },
    {
        "id": 662,
        "name": "СЕНТ-ЛЮСИЯ",
        "fullName": "",
        "code": "LC"
    },
    {
        "id": 688,
        "name": "СЕРБИЯ",
        "fullName": "Республика Сербия",
        "code": "RS"
    },
    {
        "id": 702,
        "name": "СИНГАПУР",
        "fullName": "Республика Сингапур",
        "code": "SG"
    },
    {
        "id": 760,
        "name": "СИРИЙСКАЯ АРАБСКАЯ РЕСПУБЛИКА",
        "fullName": "",
        "code": "SY"
    },
    {
        "id": 703,
        "name": "СЛОВАКИЯ",
        "fullName": "Словацкая Республика",
        "code": "SK"
    },
    {
        "id": 705,
        "name": "СЛОВЕНИЯ",
        "fullName": "Республика Словения",
        "code": "SI"
    },
    {
        "id": 826,
        "name": "СОЕДИНЕННОЕ КОРОЛЕВСТВО",
        "fullName": "Соединенное Королевство Великобритании и Северной Ирландии",
        "code": "GB"
    },
    {
        "id": 840,
        "name": "СОЕДИНЕННЫЕ ШТАТЫ",
        "fullName": "Соединенные Штаты Америки",
        "code": "US"
    },
    {
        "id": 90,
        "name": "СОЛОМОНОВЫ ОСТРОВА",
        "fullName": "",
        "code": "SB"
    },
    {
        "id": 706,
        "name": "СОМАЛИ",
        "fullName": "Сомалийская Республика",
        "code": "SO"
    },
    {
        "id": 736,
        "name": "СУДАН",
        "fullName": "Республика Судан",
        "code": "SD"
    },
    {
        "id": 740,
        "name": "СУРИНАМ",
        "fullName": "Республика Суринам",
        "code": "SR"
    },
    {
        "id": 694,
        "name": "СЬЕРРА-ЛЕОНЕ",
        "fullName": "Республика Сьерра-Леоне",
        "code": "SL"
    },
    {
        "id": 762,
        "name": "ТАДЖИКИСТАН",
        "fullName": "Республика Таджикистан",
        "code": "TJ"
    },
    {
        "id": 764,
        "name": "ТАИЛАНД",
        "fullName": "Королевство Таиланд",
        "code": "TH"
    },
    {
        "id": 158,
        "name": "ТАЙВАНЬ (КИТАЙ)",
        "fullName": "",
        "code": "TW"
    },
    {
        "id": 834,
        "name": "ТАНЗАНИЯ, ОБЪЕДИНЕННАЯ РЕСПУБЛИКА",
        "fullName": "Объединенная Республика Танзания",
        "code": "TZ"
    },
    {
        "id": 626,
        "name": "ТИМОР-ЛЕСТЕ",
        "fullName": "Демократическая Республика Тимор-Лесте",
        "code": "TL"
    },
    {
        "id": 768,
        "name": "ТОГО",
        "fullName": "Тоголезская Республика",
        "code": "TG"
    },
    {
        "id": 772,
        "name": "ТОКЕЛАУ",
        "fullName": "",
        "code": "TK"
    },
    {
        "id": 776,
        "name": "ТОНГА",
        "fullName": "Королевство Тонга",
        "code": "TO"
    },
    {
        "id": 780,
        "name": "ТРИНИДАД И ТОБАГО",
        "fullName": "Республика Тринидад и Тобаго",
        "code": "TT"
    },
    {
        "id": 798,
        "name": "ТУВАЛУ",
        "fullName": "",
        "code": "TV"
    },
    {
        "id": 788,
        "name": "ТУНИС",
        "fullName": "Тунисская Республика",
        "code": "TN"
    },
    {
        "id": 795,
        "name": "ТУРКМЕНИЯ",
        "fullName": "Туркменистан",
        "code": "TM"
    },
    {
        "id": 792,
        "name": "ТУРЦИЯ",
        "fullName": "Турецкая Республика",
        "code": "TR"
    },
    {
        "id": 800,
        "name": "УГАНДА",
        "fullName": "Республика Уганда",
        "code": "UG"
    },
    {
        "id": 860,
        "name": "УЗБЕКИСТАН",
        "fullName": "Республика Узбекистан",
        "code": "UZ"
    },
    {
        "id": 876,
        "name": "УОЛЛИС И ФУТУНА",
        "fullName": "",
        "code": "WF"
    },
    {
        "id": 858,
        "name": "УРУГВАЙ",
        "fullName": "Восточная Республика Уругвай",
        "code": "UY"
    },
    {
        "id": 234,
        "name": "ФАРЕРСКИЕ ОСТРОВА",
        "fullName": "",
        "code": "FO"
    },
    {
        "id": 242,
        "name": "ФИДЖИ",
        "fullName": "Республика Островов Фиджи",
        "code": "FJ"
    },
    {
        "id": 608,
        "name": "ФИЛИППИНЫ",
        "fullName": "Республика Филиппины",
        "code": "PH"
    },
    {
        "id": 246,
        "name": "ФИНЛЯНДИЯ",
        "fullName": "Финляндская Республика",
        "code": "FI"
    },
    {
        "id": 238,
        "name": "ФОЛКЛЕНДСКИЕ ОСТРОВА (МАЛЬВИНСКИЕ)",
        "fullName": "",
        "code": "FK"
    },
    {
        "id": 250,
        "name": "ФРАНЦИЯ",
        "fullName": "Французская Республика",
        "code": "FR"
    },
    {
        "id": 254,
        "name": "ФРАНЦУЗСКАЯ ГВИАНА",
        "fullName": "",
        "code": "GF"
    },
    {
        "id": 258,
        "name": "ФРАНЦУЗСКАЯ ПОЛИНЕЗИЯ",
        "fullName": "",
        "code": "PF"
    },
    {
        "id": 260,
        "name": "ФРАНЦУЗСКИЕ ЮЖНЫЕ ТЕРРИТОРИИ",
        "fullName": "",
        "code": "TF"
    },
    {
        "id": 191,
        "name": "ХОРВАТИЯ",
        "fullName": "Республика Хорватия",
        "code": "HR"
    },
    {
        "id": 140,
        "name": "ЦЕНТРАЛЬНО-АФРИКАНСКАЯ РЕСПУБЛИКА",
        "fullName": "",
        "code": "CF"
    },
    {
        "id": 148,
        "name": "ЧАД",
        "fullName": "Республика Чад",
        "code": "TD"
    },
    {
        "id": 499,
        "name": "ЧЕРНОГОРИЯ",
        "fullName": "",
        "code": "ME"
    },
    {
        "id": 203,
        "name": "ЧЕШСКАЯ РЕСПУБЛИКА",
        "fullName": "",
        "code": "CZ"
    },
    {
        "id": 152,
        "name": "ЧИЛИ",
        "fullName": "Республика Чили",
        "code": "CL"
    },
    {
        "id": 756,
        "name": "ШВЕЙЦАРИЯ",
        "fullName": "Швейцарская Конфедерация",
        "code": "CH"
    },
    {
        "id": 752,
        "name": "ШВЕЦИЯ",
        "fullName": "Королевство Швеция",
        "code": "SE"
    },
    {
        "id": 744,
        "name": "ШПИЦБЕРГЕН И ЯН МАЙЕН",
        "fullName": "",
        "code": "SJ"
    },
    {
        "id": 144,
        "name": "ШРИ-ЛАНКА",
        "fullName": "Демократическая Социалистическая Республика Шри-Ланка",
        "code": "LK"
    },
    {
        "id": 218,
        "name": "ЭКВАДОР",
        "fullName": "Республика Эквадор",
        "code": "EC"
    },
    {
        "id": 226,
        "name": "ЭКВАТОРИАЛЬНАЯ ГВИНЕЯ",
        "fullName": "Республика Экваториальная Гвинея",
        "code": "GQ"
    },
    {
        "id": 248,
        "name": "ЭЛАНДСКИЕ ОСТРОВА",
        "fullName": "",
        "code": "AX"
    },
    {
        "id": 222,
        "name": "ЭЛЬ-САЛЬВАДОР",
        "fullName": "Республика Эль-Сальвадор",
        "code": "SV"
    },
    {
        "id": 232,
        "name": "ЭРИТРЕЯ",
        "fullName": "",
        "code": "ER"
    },
    {
        "id": 231,
        "name": "ЭФИОПИЯ",
        "fullName": "Федеративная Демократическая Республика Эфиопия",
        "code": "ET"
    },
    {
        "id": 710,
        "name": "ЮЖНАЯ АФРИКА",
        "fullName": "Южно-Африканская Республика",
        "code": "ZA"
    },
    {
        "id": 239,
        "name": "ЮЖНАЯ ДЖОРДЖИЯ И ЮЖНЫЕ САНДВИЧЕВЫ ОСТРОВА",
        "fullName": "",
        "code": "GS"
    },
    {
        "id": 896,
        "name": "ЮЖНАЯ ОСЕТИЯ",
        "fullName": "Республика Южная Осетия",
        "code": "OS"
    },
    {
        "id": 388,
        "name": "ЯМАЙКА",
        "fullName": "",
        "code": "JM"
    },
    {
        "id": 392,
        "name": "ЯПОНИЯ",
        "fullName": "",
        "code": "JP"
    }
]
