{
    "uid": "27088135-3029-4f2a-ba65-7b15b5da6c5e",
    "id": 2085731,
    "user": {
        "id": 1798919,
        "username": "buscentr33.ru"
    },
    "agent": {
        "id": 1798917,
        "fullName": "ООО ТК Неруд, г. Киржач",
        "inn": "3316019412",
        "currencyCode": ""
    },
    "reserveCode": "60605791",
    "total": 300,
    "paymentMethod": "Хз",
    "repayment": 0,
    "created": "2024-10-12T03:55:19+07:00",
    "expired": "2024-10-12T04:19:19+07:00",
    "finished": "2024-10-12T04:02:38+07:00",
    "tickets": [
        {
            "id": 2095222,
            "uid": "b8e16e82-ddb3-4d44-b9ad-820d213b7dca",
            "ticketCode": "72786842",
            "ticketNum": "14066240",
            "ticketSeries": "77050917705",
            "ticketType": "Полный",
            "raceUid": "1781863:2923376:20241012:1566:1170",
            "raceNum": "6632",
            "raceName": "Центральный АВ - Киржач",
            "raceClassId": 1,
            "dispatchDate": "2024-10-12T06:30:00+00:00",
            "dispatchStation": "Москва (АВ Центральный)",
            "dispatchAddress": "ш Щёлковское, 75",
            "arrivalDate": "2024-10-12T08:30:00+00:00",
            "arrivalStation": "Киржач",
            "seat": "1",
            "platform": "7",
            "lastName": "lastName",
            "firstName": "firstName",
            "docTypeCode": "1",
            "docType": "Паспорт РФ",
            "docSeries": "1111",
            "docNum": "222222",
            "citizenship": "РОССИЯ",
            "gender": "M",
            "birthday": "2000-01-01T07:00:00+00:00",
            "phone": "+7900009009919",
            "supplierCurrencyCode": "",
            "supplierFare": 300,
            "supplierDues": 0,
            "supplierPrice": 300,
            "supplierRepayment": 0,
            "currencyCode": "",
            "dues": 0,
            "price": 300,
            "repayment": 0,
            "busInfo": "Автобус 39 мест ( Баг: 78, Стоя: 0 )",
            "carrier": "ООО ТК \"НЕРУД\"",
            "carrierInn": "3316019412",
            "carrierPhone": "+7900009009919",
            "barcode": "140662400910",
            "hash": "b159b316b59cf5c3474de615b33d680a40a38d7e"
        }
    ]
}
