[
    {
        "details": "Киржачский р-н",
        "id": 39159,
        "name": "Киржач",
        "okato": "17230501000",
        "place": true,
        "region": "Владимирская обл"
    }
]
