[
    {
        "id": 5107,
        "name": "Москва",
        "okato": "45000000000",
        "place": true,
        "region": "Москва г"
    }
]
