[
    {
        "code": "52840",
        "name": "Место 1"
    },
    {
        "code": "52841",
        "name": "Место 2"
    },
    {
        "code": "52842",
        "name": "Место 3"
    },
    {
        "code": "52843",
        "name": "Место 4"
    },
    {
        "code": "52844",
        "name": "Место 5"
    },
    {
        "code": "52845",
        "name": "Место 6"
    },
    {
        "code": "52846",
        "name": "Место 7"
    },
    {
        "code": "52847",
        "name": "Место 8"
    },
    {
        "code": "52848",
        "name": "Место 9"
    },
    {
        "code": "52849",
        "name": "Место 10"
    },
    {
        "code": "52850",
        "name": "Место 11"
    },
    {
        "code": "52851",
        "name": "Место 12"
    },
    {
        "code": "52852",
        "name": "Место 13"
    },
    {
        "code": "52853",
        "name": "Место 14"
    },
    {
        "code": "52854",
        "name": "Место 15"
    },
    {
        "code": "52855",
        "name": "Место 16"
    },
    {
        "code": "52856",
        "name": "Место 17"
    },
    {
        "code": "52857",
        "name": "Место 18"
    },
    {
        "code": "52858",
        "name": "Место 19"
    },
    {
        "code": "52859",
        "name": "Место 20"
    },
    {
        "code": "52860",
        "name": "Место 21"
    },
    {
        "code": "52861",
        "name": "Место 22"
    },
    {
        "code": "52862",
        "name": "Место 23"
    },
    {
        "code": "52863",
        "name": "Место 24"
    },
    {
        "code": "52864",
        "name": "Место 25"
    },
    {
        "code": "52865",
        "name": "Место 26"
    },
    {
        "code": "52866",
        "name": "Место 27"
    },
    {
        "code": "52867",
        "name": "Место 28"
    },
    {
        "code": "52868",
        "name": "Место 29"
    },
    {
        "code": "52869",
        "name": "Место 30"
    },
    {
        "code": "52870",
        "name": "Место 31"
    },
    {
        "code": "52871",
        "name": "Место 32"
    },
    {
        "code": "52872",
        "name": "Место 33"
    },
    {
        "code": "52873",
        "name": "Место 34"
    },
    {
        "code": "52874",
        "name": "Место 35"
    },
    {
        "code": "52875",
        "name": "Место 36"
    },
    {
        "code": "52876",
        "name": "Место 37"
    },
    {
        "code": "52877",
        "name": "Место 38"
    },
    {
        "code": "52878",
        "name": "Место 39"
    }
]
