[
    {
        "uid": "1781863:2923376:20241012:1566:1170",
        "depotId": 1781863,
        "num": "6632",
        "name": "Центральный АВ - Киржач",
        "dispatchDate": "2024-10-12T06:30:00+00:00",
        "arrivalDate": "2024-10-12T08:30:00+00:00",
        "dispatchPointId": 1781863,
        "arrivalPointId": 1785508,
        "supplierPrice": 300,
        "price": 300,
        "freeSeatCount": 39,
        "freeSeatEstimation": "39",
        "busInfo": "Автобус 39 мест",
        "carrier": "ООО ТК \"НЕРУД\"",
        "carrierInn": "3316019412",
        "principal": "Мосгортранс",
        "principalInn": "222222222222",
        "dataRequired": true,
        "type": {
            "id": 2,
            "name": "TYPE_INTERREGIONAL"
        },
        "clazz": {
            "id": 1,
            "name": "CLASS_REGULAR"
        },
        "status": {
            "id": 1,
            "name": "STATUS_ON_SALE"
        },
        "fromCache": false
    },
    {
        "uid": "1781863:2923355:20241012:1566:1170",
        "depotId": 1781863,
        "num": "6632",
        "name": "Центральный АВ - Киржач",
        "dispatchDate": "2024-10-12T09:30:00+00:00",
        "arrivalDate": "2024-10-12T11:30:00+00:00",
        "dispatchPointId": 1781863,
        "arrivalPointId": 1785508,
        "supplierPrice": 200,
        "price": 200,
        "freeSeatCount": 53,
        "freeSeatEstimation": "53",
        "busInfo": "Автобус 53 места",
        "carrier": "ООО ТК \"НЕРУД\"",
        "carrierInn": "3316019412",
        "principal": "Мосгортранс",
        "principalInn": "222222222222",
        "dataRequired": true,
        "type": {
            "id": 2,
            "name": "TYPE_INTERREGIONAL"
        },
        "clazz": {
            "id": 1,
            "name": "CLASS_REGULAR"
        },
        "status": {
            "id": 1,
            "name": "STATUS_ON_SALE"
        },
        "fromCache": false
    },
    {
        "uid": "1781863:2923356:20241012:1566:1170",
        "depotId": 1781863,
        "num": "6632",
        "name": "Центральный АВ - Киржач",
        "dispatchDate": "2024-10-12T10:30:00+00:00",
        "arrivalDate": "2024-10-12T12:30:00+00:00",
        "dispatchPointId": 1781863,
        "arrivalPointId": 1785508,
        "supplierPrice": 200,
        "price": 200,
        "freeSeatCount": 53,
        "freeSeatEstimation": "53",
        "busInfo": "Автобус 53 места",
        "carrier": "ООО ТК \"НЕРУД\"",
        "carrierInn": "3316019412",
        "principal": "Мосгортранс",
        "principalInn": "222222222222",
        "dataRequired": true,
        "type": {
            "id": 2,
            "name": "TYPE_INTERREGIONAL"
        },
        "clazz": {
            "id": 1,
            "name": "CLASS_REGULAR"
        },
        "status": {
            "id": 1,
            "name": "STATUS_ON_SALE"
        },
        "fromCache": false
    },
    {
        "uid": "1781863:2923373:20241012:1566:1170",
        "depotId": 1781863,
        "num": "6632",
        "name": "Центральный АВ - Киржач",
        "dispatchDate": "2024-10-12T11:00:00+00:00",
        "arrivalDate": "2024-10-12T13:00:00+00:00",
        "dispatchPointId": 1781863,
        "arrivalPointId": 1785508,
        "supplierPrice": 300,
        "price": 300,
        "freeSeatCount": 20,
        "freeSeatEstimation": "20",
        "busInfo": "Автобус 20 мест",
        "carrier": "ООО ТК \"НЕРУД\"",
        "carrierInn": "3316019412",
        "principal": "Мосгортранс",
        "principalInn": "222222222222",
        "dataRequired": true,
        "type": {
            "id": 2,
            "name": "TYPE_INTERREGIONAL"
        },
        "clazz": {
            "id": 1,
            "name": "CLASS_REGULAR"
        },
        "status": {
            "id": 1,
            "name": "STATUS_ON_SALE"
        },
        "fromCache": false
    },
    {
        "uid": "1781863:2923354:20241012:1566:1170",
        "depotId": 1781863,
        "num": "6632",
        "name": "Центральный АВ - Киржач",
        "dispatchDate": "2024-10-12T12:00:00+00:00",
        "arrivalDate": "2024-10-12T14:00:00+00:00",
        "dispatchPointId": 1781863,
        "arrivalPointId": 1785508,
        "supplierPrice": 350,
        "price": 350,
        "freeSeatCount": 39,
        "freeSeatEstimation": "39",
        "busInfo": "Автобус 39 мест",
        "carrier": "ООО ТК \"НЕРУД\"",
        "carrierInn": "3316019412",
        "principal": "Мосгортранс",
        "principalInn": "222222222222",
        "dataRequired": true,
        "type": {
            "id": 2,
            "name": "TYPE_INTERREGIONAL"
        },
        "clazz": {
            "id": 1,
            "name": "CLASS_REGULAR"
        },
        "status": {
            "id": 1,
            "name": "STATUS_ON_SALE"
        },
        "fromCache": false
    },
    {
        "uid": "1781863:2923357:20241012:1566:1170",
        "depotId": 1781863,
        "num": "6632",
        "name": "Центральный АВ - Киржач",
        "dispatchDate": "2024-10-12T12:30:00+00:00",
        "arrivalDate": "2024-10-12T14:30:00+00:00",
        "dispatchPointId": 1781863,
        "arrivalPointId": 1785508,
        "supplierPrice": 200,
        "price": 200,
        "freeSeatCount": 20,
        "freeSeatEstimation": "20",
        "busInfo": "Автобус 20 мест",
        "carrier": "ООО ТК \"НЕРУД\"",
        "carrierInn": "3316019412",
        "principal": "Мосгортранс",
        "principalInn": "222222222222",
        "dataRequired": true,
        "type": {
            "id": 2,
            "name": "TYPE_INTERREGIONAL"
        },
        "clazz": {
            "id": 1,
            "name": "CLASS_REGULAR"
        },
        "status": {
            "id": 1,
            "name": "STATUS_ON_SALE"
        },
        "fromCache": false
    },
    {
        "uid": "1781863:2923358:20241012:1566:1170",
        "depotId": 1781863,
        "num": "6632",
        "name": "Центральный АВ - Киржач",
        "dispatchDate": "2024-10-12T15:30:00+00:00",
        "arrivalDate": "2024-10-12T17:30:00+00:00",
        "dispatchPointId": 1781863,
        "arrivalPointId": 1785508,
        "supplierPrice": 200,
        "price": 200,
        "freeSeatCount": 53,
        "freeSeatEstimation": "53",
        "busInfo": "Автобус 53 места",
        "carrier": "ООО ТК \"НЕРУД\"",
        "carrierInn": "3316019412",
        "principal": "Мосгортранс",
        "principalInn": "222222222222",
        "dataRequired": true,
        "type": {
            "id": 2,
            "name": "TYPE_INTERREGIONAL"
        },
        "clazz": {
            "id": 1,
            "name": "CLASS_REGULAR"
        },
        "status": {
            "id": 1,
            "name": "STATUS_ON_SALE"
        },
        "fromCache": false
    },
    {
        "uid": "1781863:2923377:20241012:1566:1170",
        "depotId": 1781863,
        "num": "6632",
        "name": "Центральный АВ - Киржач",
        "dispatchDate": "2024-10-12T16:00:00+00:00",
        "arrivalDate": "2024-10-12T18:00:00+00:00",
        "dispatchPointId": 1781863,
        "arrivalPointId": 1785508,
        "supplierPrice": 300,
        "price": 300,
        "freeSeatCount": 53,
        "freeSeatEstimation": "53",
        "busInfo": "Автобус 53 места",
        "carrier": "ООО ТК \"НЕРУД\"",
        "carrierInn": "3316019412",
        "principal": "Мосгортранс",
        "principalInn": "222222222222",
        "dataRequired": true,
        "type": {
            "id": 2,
            "name": "TYPE_INTERREGIONAL"
        },
        "clazz": {
            "id": 1,
            "name": "CLASS_REGULAR"
        },
        "status": {
            "id": 1,
            "name": "STATUS_ON_SALE"
        },
        "fromCache": false
    },
    {
        "uid": "1781863:2923374:20241012:1566:1170",
        "depotId": 1781863,
        "num": "6632",
        "name": "Центральный АВ - Киржач",
        "description": "20-00",
        "dispatchDate": "2024-10-12T20:00:00+00:00",
        "arrivalDate": "2024-10-12T22:00:00+00:00",
        "dispatchPointId": 1781863,
        "arrivalPointId": 1785508,
        "supplierPrice": 300,
        "price": 300,
        "freeSeatCount": 20,
        "freeSeatEstimation": "20",
        "busInfo": "Автобус 20 мест",
        "carrier": "ООО ТК \"НЕРУД\"",
        "carrierInn": "3316019412",
        "principal": "Мосгортранс",
        "principalInn": "222222222222",
        "dataRequired": true,
        "type": {
            "id": 2,
            "name": "TYPE_INTERREGIONAL"
        },
        "clazz": {
            "id": 1,
            "name": "CLASS_REGULAR"
        },
        "status": {
            "id": 1,
            "name": "STATUS_ON_SALE"
        },
        "fromCache": false
    }
]
