[
    {
        "id": 26,
        "name": "Адыгея",
        "type": "Респ",
        "code": "01"
    },
    {
        "id": 65,
        "name": "Алтай",
        "type": "Респ",
        "code": "04"
    },
    {
        "id": 30,
        "name": "Алтайский",
        "type": "край",
        "code": "22"
    },
    {
        "id": 79,
        "name": "Амурская",
        "type": "обл",
        "code": "28"
    },
    {
        "id": 16,
        "name": "Архангельская",
        "type": "обл",
        "code": "29"
    },
    {
        "id": 28,
        "name": "Астраханская",
        "type": "обл",
        "code": "30"
    },
    {
        "id": 18,
        "name": "Байконур",
        "type": "г",
        "code": "99"
    },
    {
        "id": 50,
        "name": "Башкортостан",
        "type": "Респ",
        "code": "02"
    },
    {
        "id": 46,
        "name": "Белгородская",
        "type": "обл",
        "code": "31"
    },
    {
        "id": 10,
        "name": "Брянская",
        "type": "обл",
        "code": "32"
    },
    {
        "id": 78,
        "name": "Бурятия",
        "type": "Респ",
        "code": "03"
    },
    {
        "id": 71,
        "name": "Владимирская",
        "type": "обл",
        "code": "33"
    },
    {
        "id": 22,
        "name": "Волгоградская",
        "type": "обл",
        "code": "34"
    },
    {
        "id": 15,
        "name": "Вологодская",
        "type": "обл",
        "code": "35"
    },
    {
        "id": 33,
        "name": "Воронежская",
        "type": "обл",
        "code": "36"
    },
    {
        "id": 51,
        "name": "Дагестан",
        "type": "Респ",
        "code": "05"
    },
    {
        "id": 87,
        "name": "Донецкая Народная",
        "type": "Респ",
        "code": "80"
    },
    {
        "id": 3,
        "name": "Еврейская",
        "type": "Аобл",
        "code": "79"
    },
    {
        "id": 11,
        "name": "Забайкальский",
        "type": "край",
        "code": "75"
    },
    {
        "id": 90,
        "name": "Запорожская",
        "type": "обл",
        "code": "85"
    },
    {
        "id": 49,
        "name": "Ивановская",
        "type": "обл",
        "code": "37"
    },
    {
        "id": 53,
        "name": "Ингушетия",
        "type": "Респ",
        "code": "06"
    },
    {
        "id": 14,
        "name": "Иркутская",
        "type": "обл",
        "code": "38"
    },
    {
        "id": 44,
        "name": "Кабардино-Балкарская",
        "type": "Респ",
        "code": "07"
    },
    {
        "id": 64,
        "name": "Калининградская",
        "type": "обл",
        "code": "39"
    },
    {
        "id": 86,
        "name": "Калмыкия",
        "type": "Респ",
        "code": "08"
    },
    {
        "id": 25,
        "name": "Калужская",
        "type": "обл",
        "code": "40"
    },
    {
        "id": 58,
        "name": "Камчатский",
        "type": "край",
        "code": "41"
    },
    {
        "id": 5,
        "name": "Карачаево-Черкесская",
        "type": "Респ",
        "code": "09"
    },
    {
        "id": 56,
        "name": "Карелия",
        "type": "Респ",
        "code": "10"
    },
    {
        "id": 67,
        "name": "Кемеровская",
        "type": "обл",
        "code": "42"
    },
    {
        "id": 21,
        "name": "Кировская",
        "type": "обл",
        "code": "43"
    },
    {
        "id": 84,
        "name": "Коми",
        "type": "Респ",
        "code": "11"
    },
    {
        "id": 4,
        "name": "Костромская",
        "type": "обл",
        "code": "44"
    },
    {
        "id": 29,
        "name": "Краснодарский",
        "type": "край",
        "code": "23"
    },
    {
        "id": 2,
        "name": "Красноярский",
        "type": "край",
        "code": "24"
    },
    {
        "id": 9,
        "name": "Крым",
        "type": "Респ",
        "code": "91"
    },
    {
        "id": 69,
        "name": "Курганская",
        "type": "обл",
        "code": "45"
    },
    {
        "id": 68,
        "name": "Курская",
        "type": "обл",
        "code": "46"
    },
    {
        "id": 61,
        "name": "Ленинградская",
        "type": "обл",
        "code": "47"
    },
    {
        "id": 85,
        "name": "Липецкая",
        "type": "обл",
        "code": "48"
    },
    {
        "id": 88,
        "name": "Луганская Народная",
        "type": "Респ",
        "code": "81"
    },
    {
        "id": 72,
        "name": "Магаданская",
        "type": "обл",
        "code": "49"
    },
    {
        "id": 52,
        "name": "Марий Эл",
        "type": "Респ",
        "code": "12"
    },
    {
        "id": 41,
        "name": "Мордовия",
        "type": "Респ",
        "code": "13"
    },
    {
        "id": 13,
        "name": "Москва",
        "type": "г",
        "code": "77"
    },
    {
        "id": 57,
        "name": "Московская",
        "type": "обл",
        "code": "50"
    },
    {
        "id": 19,
        "name": "Мурманская",
        "type": "обл",
        "code": "51"
    },
    {
        "id": 70,
        "name": "Ненецкий",
        "type": "АО",
        "code": "83"
    },
    {
        "id": 80,
        "name": "Нижегородская",
        "type": "обл",
        "code": "52"
    },
    {
        "id": 76,
        "name": "Новгородская",
        "type": "обл",
        "code": "53"
    },
    {
        "id": 40,
        "name": "Новосибирская",
        "type": "обл",
        "code": "54"
    },
    {
        "id": 43,
        "name": "Омская",
        "type": "обл",
        "code": "55"
    },
    {
        "id": 39,
        "name": "Оренбургская",
        "type": "обл",
        "code": "56"
    },
    {
        "id": 82,
        "name": "Орловская",
        "type": "обл",
        "code": "57"
    },
    {
        "id": 6,
        "name": "Пензенская",
        "type": "обл",
        "code": "58"
    },
    {
        "id": 55,
        "name": "Пермский",
        "type": "край",
        "code": "59"
    },
    {
        "id": 63,
        "name": "Приморский",
        "type": "край",
        "code": "25"
    },
    {
        "id": 34,
        "name": "Псковская",
        "type": "обл",
        "code": "60"
    },
    {
        "id": 75,
        "name": "Ростовская",
        "type": "обл",
        "code": "61"
    },
    {
        "id": 77,
        "name": "Рязанская",
        "type": "обл",
        "code": "62"
    },
    {
        "id": 59,
        "name": "Самарская",
        "type": "обл",
        "code": "63"
    },
    {
        "id": 81,
        "name": "Санкт-Петербург",
        "type": "г",
        "code": "78"
    },
    {
        "id": 42,
        "name": "Саратовская",
        "type": "обл",
        "code": "64"
    },
    {
        "id": 74,
        "name": "Сахалинская",
        "type": "обл",
        "code": "65"
    },
    {
        "id": 47,
        "name": "Саха /Якутия/",
        "type": "Респ",
        "code": "14"
    },
    {
        "id": 35,
        "name": "Свердловская",
        "type": "обл",
        "code": "66"
    },
    {
        "id": 45,
        "name": "Севастополь",
        "type": "г",
        "code": "92"
    },
    {
        "id": 12,
        "name": "Северная Осетия - Алания",
        "type": "Респ",
        "code": "15"
    },
    {
        "id": 62,
        "name": "Смоленская",
        "type": "обл",
        "code": "67"
    },
    {
        "id": 32,
        "name": "Ставропольский",
        "type": "край",
        "code": "26"
    },
    {
        "id": 48,
        "name": "Тамбовская",
        "type": "обл",
        "code": "68"
    },
    {
        "id": 31,
        "name": "Татарстан",
        "type": "Респ",
        "code": "16"
    },
    {
        "id": 20,
        "name": "Тверская",
        "type": "обл",
        "code": "69"
    },
    {
        "id": 24,
        "name": "Томская",
        "type": "обл",
        "code": "70"
    },
    {
        "id": 73,
        "name": "Тульская",
        "type": "обл",
        "code": "71"
    },
    {
        "id": 27,
        "name": "Тыва",
        "type": "Респ",
        "code": "17"
    },
    {
        "id": 37,
        "name": "Тюменская",
        "type": "обл",
        "code": "72"
    },
    {
        "id": 54,
        "name": "Удмуртская",
        "type": "Респ",
        "code": "18"
    },
    {
        "id": 7,
        "name": "Ульяновская",
        "type": "обл",
        "code": "73"
    },
    {
        "id": 66,
        "name": "Хабаровский",
        "type": "край",
        "code": "27"
    },
    {
        "id": 17,
        "name": "Хакасия",
        "type": "Респ",
        "code": "19"
    },
    {
        "id": 23,
        "name": "Ханты-Мансийский Автономный округ - Югра",
        "type": "АО",
        "code": "86"
    },
    {
        "id": 89,
        "name": "Херсонская",
        "type": "обл",
        "code": "84"
    },
    {
        "id": 83,
        "name": "Челябинская",
        "type": "обл",
        "code": "74"
    },
    {
        "id": 1,
        "name": "Чеченская",
        "type": "Респ",
        "code": "20"
    },
    {
        "id": 36,
        "name": "Чувашская Республика",
        "type": "Респ",
        "code": "21"
    },
    {
        "id": 60,
        "name": "Чукотский",
        "type": "АО",
        "code": "87"
    },
    {
        "id": 8,
        "name": "Ямало-Ненецкий",
        "type": "АО",
        "code": "89"
    },
    {
        "id": 38,
        "name": "Ярославская",
        "type": "обл",
        "code": "76"
    }
]
