[
    {
        "code": "1#1#1",
        "name": "Полный (Билет АТП)",
        "price": 300,
        "ticketClass": "P"
    },
    {
        "code": "38#6#1",
        "name": "Детский (Билет АТП)",
        "price": 150,
        "ticketClass": "P"
    },
    {
        "code": "0#0#1",
        "name": "Багажный (Билет АТП)",
        "price": 60,
        "ticketClass": "B"
    }
]
